Run started at: Mon Mar 30 15:20:14 PDT 2026
[mvp] creating kafka topic: flight_raw
WARNING: Due to limitations in metric names, topics with a period ('.') or underscore ('_') could collide. To avoid issues it is best to use either, but not both.
[mvp] running kafka producer (finite stream)
[mvp] cleaning output + checkpoint dirs
[mvp] running spark structured streaming ETL (process available backlog once)
 Container bdgp-cursor-zookeeper-1  Running
 Container bdgp-cursor-spark-master-1  Running
 Container bdgp-cursor-kafka-1  Running
:: loading settings :: url = jar:file:/opt/spark/jars/ivy-2.5.1.jar!/org/apache/ivy/core/settings/ivysettings.xml
Ivy Default Cache set to: /tmp/ivy/cache
The jars for the packages stored in: /tmp/ivy/jars
org.apache.spark#spark-sql-kafka-0-10_2.12 added as a dependency
:: resolving dependencies :: org.apache.spark#spark-submit-parent-4e108578-3069-45dd-8f9a-788255f5b217;1.0
	confs: [default]
	found org.apache.spark#spark-sql-kafka-0-10_2.12;3.5.1 in central
	found org.apache.spark#spark-token-provider-kafka-0-10_2.12;3.5.1 in central
	found org.apache.kafka#kafka-clients;3.4.1 in central
	found org.lz4#lz4-java;1.8.0 in central
	found org.xerial.snappy#snappy-java;1.1.10.3 in central
	found org.slf4j#slf4j-api;2.0.7 in central
	found org.apache.hadoop#hadoop-client-runtime;3.3.4 in central
	found org.apache.hadoop#hadoop-client-api;3.3.4 in central
	found commons-logging#commons-logging;1.1.3 in central
	found com.google.code.findbugs#jsr305;3.0.0 in central
	found org.apache.commons#commons-pool2;2.11.1 in central
downloading https://repo1.maven.org/maven2/org/apache/spark/spark-sql-kafka-0-10_2.12/3.5.1/spark-sql-kafka-0-10_2.12-3.5.1.jar ...
	[SUCCESSFUL ] org.apache.spark#spark-sql-kafka-0-10_2.12;3.5.1!spark-sql-kafka-0-10_2.12.jar (114ms)
downloading https://repo1.maven.org/maven2/org/apache/spark/spark-token-provider-kafka-0-10_2.12/3.5.1/spark-token-provider-kafka-0-10_2.12-3.5.1.jar ...
	[SUCCESSFUL ] org.apache.spark#spark-token-provider-kafka-0-10_2.12;3.5.1!spark-token-provider-kafka-0-10_2.12.jar (67ms)
downloading https://repo1.maven.org/maven2/org/apache/kafka/kafka-clients/3.4.1/kafka-clients-3.4.1.jar ...
	[SUCCESSFUL ] org.apache.kafka#kafka-clients;3.4.1!kafka-clients.jar (182ms)
downloading https://repo1.maven.org/maven2/com/google/code/findbugs/jsr305/3.0.0/jsr305-3.0.0.jar ...
	[SUCCESSFUL ] com.google.code.findbugs#jsr305;3.0.0!jsr305.jar (62ms)
downloading https://repo1.maven.org/maven2/org/apache/commons/commons-pool2/2.11.1/commons-pool2-2.11.1.jar ...
	[SUCCESSFUL ] org.apache.commons#commons-pool2;2.11.1!commons-pool2.jar (54ms)
downloading https://repo1.maven.org/maven2/org/apache/hadoop/hadoop-client-runtime/3.3.4/hadoop-client-runtime-3.3.4.jar ...
	[SUCCESSFUL ] org.apache.hadoop#hadoop-client-runtime;3.3.4!hadoop-client-runtime.jar (509ms)
downloading https://repo1.maven.org/maven2/org/lz4/lz4-java/1.8.0/lz4-java-1.8.0.jar ...
	[SUCCESSFUL ] org.lz4#lz4-java;1.8.0!lz4-java.jar (60ms)
downloading https://repo1.maven.org/maven2/org/xerial/snappy/snappy-java/1.1.10.3/snappy-java-1.1.10.3.jar ...
	[SUCCESSFUL ] org.xerial.snappy#snappy-java;1.1.10.3!snappy-java.jar(bundle) (89ms)
downloading https://repo1.maven.org/maven2/org/slf4j/slf4j-api/2.0.7/slf4j-api-2.0.7.jar ...
	[SUCCESSFUL ] org.slf4j#slf4j-api;2.0.7!slf4j-api.jar (63ms)
downloading https://repo1.maven.org/maven2/org/apache/hadoop/hadoop-client-api/3.3.4/hadoop-client-api-3.3.4.jar ...
	[SUCCESSFUL ] org.apache.hadoop#hadoop-client-api;3.3.4!hadoop-client-api.jar (350ms)
downloading https://repo1.maven.org/maven2/commons-logging/commons-logging/1.1.3/commons-logging-1.1.3.jar ...
	[SUCCESSFUL ] commons-logging#commons-logging;1.1.3!commons-logging.jar (57ms)
:: resolution report :: resolve 4440ms :: artifacts dl 1619ms
	:: modules in use:
	com.google.code.findbugs#jsr305;3.0.0 from central in [default]
	commons-logging#commons-logging;1.1.3 from central in [default]
	org.apache.commons#commons-pool2;2.11.1 from central in [default]
	org.apache.hadoop#hadoop-client-api;3.3.4 from central in [default]
	org.apache.hadoop#hadoop-client-runtime;3.3.4 from central in [default]
	org.apache.kafka#kafka-clients;3.4.1 from central in [default]
	org.apache.spark#spark-sql-kafka-0-10_2.12;3.5.1 from central in [default]
	org.apache.spark#spark-token-provider-kafka-0-10_2.12;3.5.1 from central in [default]
	org.lz4#lz4-java;1.8.0 from central in [default]
	org.slf4j#slf4j-api;2.0.7 from central in [default]
	org.xerial.snappy#snappy-java;1.1.10.3 from central in [default]
	---------------------------------------------------------------------
	|                  |            modules            ||   artifacts   |
	|       conf       | number| search|dwnlded|evicted|| number|dwnlded|
	---------------------------------------------------------------------
	|      default     |   11  |   11  |   11  |   0   ||   11  |   11  |
	---------------------------------------------------------------------
:: retrieving :: org.apache.spark#spark-submit-parent-4e108578-3069-45dd-8f9a-788255f5b217
	confs: [default]
	11 artifacts copied, 0 already retrieved (56767kB/108ms)
26/03/30 22:21:06 WARN NativeCodeLoader: Unable to load native-hadoop library for your platform... using builtin-java classes where applicable
26/03/30 22:21:07 INFO SparkContext: Running Spark version 3.5.1
26/03/30 22:21:07 INFO SparkContext: OS info Linux, 6.12.5-linuxkit, aarch64
26/03/30 22:21:07 INFO SparkContext: Java version 11.0.22
26/03/30 22:21:07 INFO ResourceUtils: ==============================================================
26/03/30 22:21:07 INFO ResourceUtils: No custom resources configured for spark.driver.
26/03/30 22:21:07 INFO ResourceUtils: ==============================================================
26/03/30 22:21:07 INFO SparkContext: Submitted application: bdgp-flight-delay-streaming-etl
26/03/30 22:21:07 INFO ResourceProfile: Default ResourceProfile created, executor resources: Map(memory -> name: memory, amount: 1024, script: , vendor: , offHeap -> name: offHeap, amount: 0, script: , vendor: ), task resources: Map(cpus -> name: cpus, amount: 1.0)
26/03/30 22:21:07 INFO ResourceProfile: Limiting resource is cpu
26/03/30 22:21:07 INFO ResourceProfileManager: Added ResourceProfile id: 0
26/03/30 22:21:07 INFO SecurityManager: Changing view acls to: root
26/03/30 22:21:07 INFO SecurityManager: Changing modify acls to: root
26/03/30 22:21:07 INFO SecurityManager: Changing view acls groups to: 
26/03/30 22:21:07 INFO SecurityManager: Changing modify acls groups to: 
26/03/30 22:21:07 INFO SecurityManager: SecurityManager: authentication disabled; ui acls disabled; users with view permissions: root; groups with view permissions: EMPTY; users with modify permissions: root; groups with modify permissions: EMPTY
26/03/30 22:21:07 INFO Utils: Successfully started service 'sparkDriver' on port 41671.
26/03/30 22:21:07 INFO SparkEnv: Registering MapOutputTracker
26/03/30 22:21:07 INFO SparkEnv: Registering BlockManagerMaster
26/03/30 22:21:07 INFO BlockManagerMasterEndpoint: Using org.apache.spark.storage.DefaultTopologyMapper for getting topology information
26/03/30 22:21:07 INFO BlockManagerMasterEndpoint: BlockManagerMasterEndpoint up
26/03/30 22:21:07 INFO SparkEnv: Registering BlockManagerMasterHeartbeat
26/03/30 22:21:07 INFO DiskBlockManager: Created local directory at /tmp/blockmgr-8292185f-294d-4d8c-8e8f-4a76e8032d9a
26/03/30 22:21:07 INFO MemoryStore: MemoryStore started with capacity 434.4 MiB
26/03/30 22:21:07 INFO SparkEnv: Registering OutputCommitCoordinator
26/03/30 22:21:07 INFO JettyUtils: Start Jetty 0.0.0.0:4040 for SparkUI
26/03/30 22:21:07 INFO Utils: Successfully started service 'SparkUI' on port 4040.
26/03/30 22:21:07 INFO SparkContext: Added JAR file:///tmp/ivy/jars/org.apache.spark_spark-sql-kafka-0-10_2.12-3.5.1.jar at spark://91612c601ffd:41671/jars/org.apache.spark_spark-sql-kafka-0-10_2.12-3.5.1.jar with timestamp 1774909267407
26/03/30 22:21:07 INFO SparkContext: Added JAR file:///tmp/ivy/jars/org.apache.spark_spark-token-provider-kafka-0-10_2.12-3.5.1.jar at spark://91612c601ffd:41671/jars/org.apache.spark_spark-token-provider-kafka-0-10_2.12-3.5.1.jar with timestamp 1774909267407
26/03/30 22:21:07 INFO SparkContext: Added JAR file:///tmp/ivy/jars/org.apache.kafka_kafka-clients-3.4.1.jar at spark://91612c601ffd:41671/jars/org.apache.kafka_kafka-clients-3.4.1.jar with timestamp 1774909267407
26/03/30 22:21:07 INFO SparkContext: Added JAR file:///tmp/ivy/jars/com.google.code.findbugs_jsr305-3.0.0.jar at spark://91612c601ffd:41671/jars/com.google.code.findbugs_jsr305-3.0.0.jar with timestamp 1774909267407
26/03/30 22:21:07 INFO SparkContext: Added JAR file:///tmp/ivy/jars/org.apache.commons_commons-pool2-2.11.1.jar at spark://91612c601ffd:41671/jars/org.apache.commons_commons-pool2-2.11.1.jar with timestamp 1774909267407
26/03/30 22:21:08 INFO SparkContext: Added JAR file:///tmp/ivy/jars/org.apache.hadoop_hadoop-client-runtime-3.3.4.jar at spark://91612c601ffd:41671/jars/org.apache.hadoop_hadoop-client-runtime-3.3.4.jar with timestamp 1774909267407
26/03/30 22:21:08 INFO SparkContext: Added JAR file:///tmp/ivy/jars/org.lz4_lz4-java-1.8.0.jar at spark://91612c601ffd:41671/jars/org.lz4_lz4-java-1.8.0.jar with timestamp 1774909267407
26/03/30 22:21:08 INFO SparkContext: Added JAR file:///tmp/ivy/jars/org.xerial.snappy_snappy-java-1.1.10.3.jar at spark://91612c601ffd:41671/jars/org.xerial.snappy_snappy-java-1.1.10.3.jar with timestamp 1774909267407
26/03/30 22:21:08 INFO SparkContext: Added JAR file:///tmp/ivy/jars/org.slf4j_slf4j-api-2.0.7.jar at spark://91612c601ffd:41671/jars/org.slf4j_slf4j-api-2.0.7.jar with timestamp 1774909267407
26/03/30 22:21:08 INFO SparkContext: Added JAR file:///tmp/ivy/jars/org.apache.hadoop_hadoop-client-api-3.3.4.jar at spark://91612c601ffd:41671/jars/org.apache.hadoop_hadoop-client-api-3.3.4.jar with timestamp 1774909267407
26/03/30 22:21:08 INFO SparkContext: Added JAR file:///tmp/ivy/jars/commons-logging_commons-logging-1.1.3.jar at spark://91612c601ffd:41671/jars/commons-logging_commons-logging-1.1.3.jar with timestamp 1774909267407
26/03/30 22:21:08 INFO SparkContext: Added file file:///tmp/ivy/jars/org.apache.spark_spark-sql-kafka-0-10_2.12-3.5.1.jar at spark://91612c601ffd:41671/files/org.apache.spark_spark-sql-kafka-0-10_2.12-3.5.1.jar with timestamp 1774909267407
26/03/30 22:21:08 INFO Utils: Copying /tmp/ivy/jars/org.apache.spark_spark-sql-kafka-0-10_2.12-3.5.1.jar to /tmp/spark-16ca19cc-8990-4d99-9df3-bee72369a106/userFiles-79df1ed7-515a-4611-b0db-c3ac2279fe59/org.apache.spark_spark-sql-kafka-0-10_2.12-3.5.1.jar
26/03/30 22:21:08 INFO SparkContext: Added file file:///tmp/ivy/jars/org.apache.spark_spark-token-provider-kafka-0-10_2.12-3.5.1.jar at spark://91612c601ffd:41671/files/org.apache.spark_spark-token-provider-kafka-0-10_2.12-3.5.1.jar with timestamp 1774909267407
26/03/30 22:21:08 INFO Utils: Copying /tmp/ivy/jars/org.apache.spark_spark-token-provider-kafka-0-10_2.12-3.5.1.jar to /tmp/spark-16ca19cc-8990-4d99-9df3-bee72369a106/userFiles-79df1ed7-515a-4611-b0db-c3ac2279fe59/org.apache.spark_spark-token-provider-kafka-0-10_2.12-3.5.1.jar
26/03/30 22:21:08 INFO SparkContext: Added file file:///tmp/ivy/jars/org.apache.kafka_kafka-clients-3.4.1.jar at spark://91612c601ffd:41671/files/org.apache.kafka_kafka-clients-3.4.1.jar with timestamp 1774909267407
26/03/30 22:21:08 INFO Utils: Copying /tmp/ivy/jars/org.apache.kafka_kafka-clients-3.4.1.jar to /tmp/spark-16ca19cc-8990-4d99-9df3-bee72369a106/userFiles-79df1ed7-515a-4611-b0db-c3ac2279fe59/org.apache.kafka_kafka-clients-3.4.1.jar
26/03/30 22:21:08 INFO SparkContext: Added file file:///tmp/ivy/jars/com.google.code.findbugs_jsr305-3.0.0.jar at spark://91612c601ffd:41671/files/com.google.code.findbugs_jsr305-3.0.0.jar with timestamp 1774909267407
26/03/30 22:21:08 INFO Utils: Copying /tmp/ivy/jars/com.google.code.findbugs_jsr305-3.0.0.jar to /tmp/spark-16ca19cc-8990-4d99-9df3-bee72369a106/userFiles-79df1ed7-515a-4611-b0db-c3ac2279fe59/com.google.code.findbugs_jsr305-3.0.0.jar
26/03/30 22:21:08 INFO SparkContext: Added file file:///tmp/ivy/jars/org.apache.commons_commons-pool2-2.11.1.jar at spark://91612c601ffd:41671/files/org.apache.commons_commons-pool2-2.11.1.jar with timestamp 1774909267407
26/03/30 22:21:08 INFO Utils: Copying /tmp/ivy/jars/org.apache.commons_commons-pool2-2.11.1.jar to /tmp/spark-16ca19cc-8990-4d99-9df3-bee72369a106/userFiles-79df1ed7-515a-4611-b0db-c3ac2279fe59/org.apache.commons_commons-pool2-2.11.1.jar
26/03/30 22:21:08 INFO SparkContext: Added file file:///tmp/ivy/jars/org.apache.hadoop_hadoop-client-runtime-3.3.4.jar at spark://91612c601ffd:41671/files/org.apache.hadoop_hadoop-client-runtime-3.3.4.jar with timestamp 1774909267407
26/03/30 22:21:08 INFO Utils: Copying /tmp/ivy/jars/org.apache.hadoop_hadoop-client-runtime-3.3.4.jar to /tmp/spark-16ca19cc-8990-4d99-9df3-bee72369a106/userFiles-79df1ed7-515a-4611-b0db-c3ac2279fe59/org.apache.hadoop_hadoop-client-runtime-3.3.4.jar
26/03/30 22:21:08 INFO SparkContext: Added file file:///tmp/ivy/jars/org.lz4_lz4-java-1.8.0.jar at spark://91612c601ffd:41671/files/org.lz4_lz4-java-1.8.0.jar with timestamp 1774909267407
26/03/30 22:21:08 INFO Utils: Copying /tmp/ivy/jars/org.lz4_lz4-java-1.8.0.jar to /tmp/spark-16ca19cc-8990-4d99-9df3-bee72369a106/userFiles-79df1ed7-515a-4611-b0db-c3ac2279fe59/org.lz4_lz4-java-1.8.0.jar
26/03/30 22:21:08 INFO SparkContext: Added file file:///tmp/ivy/jars/org.xerial.snappy_snappy-java-1.1.10.3.jar at spark://91612c601ffd:41671/files/org.xerial.snappy_snappy-java-1.1.10.3.jar with timestamp 1774909267407
26/03/30 22:21:08 INFO Utils: Copying /tmp/ivy/jars/org.xerial.snappy_snappy-java-1.1.10.3.jar to /tmp/spark-16ca19cc-8990-4d99-9df3-bee72369a106/userFiles-79df1ed7-515a-4611-b0db-c3ac2279fe59/org.xerial.snappy_snappy-java-1.1.10.3.jar
26/03/30 22:21:08 INFO SparkContext: Added file file:///tmp/ivy/jars/org.slf4j_slf4j-api-2.0.7.jar at spark://91612c601ffd:41671/files/org.slf4j_slf4j-api-2.0.7.jar with timestamp 1774909267407
26/03/30 22:21:08 INFO Utils: Copying /tmp/ivy/jars/org.slf4j_slf4j-api-2.0.7.jar to /tmp/spark-16ca19cc-8990-4d99-9df3-bee72369a106/userFiles-79df1ed7-515a-4611-b0db-c3ac2279fe59/org.slf4j_slf4j-api-2.0.7.jar
26/03/30 22:21:08 INFO SparkContext: Added file file:///tmp/ivy/jars/org.apache.hadoop_hadoop-client-api-3.3.4.jar at spark://91612c601ffd:41671/files/org.apache.hadoop_hadoop-client-api-3.3.4.jar with timestamp 1774909267407
26/03/30 22:21:08 INFO Utils: Copying /tmp/ivy/jars/org.apache.hadoop_hadoop-client-api-3.3.4.jar to /tmp/spark-16ca19cc-8990-4d99-9df3-bee72369a106/userFiles-79df1ed7-515a-4611-b0db-c3ac2279fe59/org.apache.hadoop_hadoop-client-api-3.3.4.jar
26/03/30 22:21:08 INFO SparkContext: Added file file:///tmp/ivy/jars/commons-logging_commons-logging-1.1.3.jar at spark://91612c601ffd:41671/files/commons-logging_commons-logging-1.1.3.jar with timestamp 1774909267407
26/03/30 22:21:08 INFO Utils: Copying /tmp/ivy/jars/commons-logging_commons-logging-1.1.3.jar to /tmp/spark-16ca19cc-8990-4d99-9df3-bee72369a106/userFiles-79df1ed7-515a-4611-b0db-c3ac2279fe59/commons-logging_commons-logging-1.1.3.jar
26/03/30 22:21:08 INFO StandaloneAppClient$ClientEndpoint: Connecting to master spark://spark-master:7077...
26/03/30 22:21:08 INFO TransportClientFactory: Successfully created connection to spark-master/172.20.0.3:7077 after 19 ms (0 ms spent in bootstraps)
26/03/30 22:21:08 INFO StandaloneSchedulerBackend: Connected to Spark cluster with app ID app-20260330222108-0010
26/03/30 22:21:08 INFO StandaloneAppClient$ClientEndpoint: Executor added: app-20260330222108-0010/0 on worker-20260330212532-172.20.0.5-35503 (172.20.0.5:35503) with 8 core(s)
26/03/30 22:21:08 INFO StandaloneSchedulerBackend: Granted executor ID app-20260330222108-0010/0 on hostPort 172.20.0.5:35503 with 8 core(s), 1024.0 MiB RAM
26/03/30 22:21:08 INFO Utils: Successfully started service 'org.apache.spark.network.netty.NettyBlockTransferService' on port 37155.
26/03/30 22:21:08 INFO NettyBlockTransferService: Server created on 91612c601ffd:37155
26/03/30 22:21:08 INFO BlockManager: Using org.apache.spark.storage.RandomBlockReplicationPolicy for block replication policy
26/03/30 22:21:08 INFO BlockManagerMaster: Registering BlockManager BlockManagerId(driver, 91612c601ffd, 37155, None)
26/03/30 22:21:08 INFO BlockManagerMasterEndpoint: Registering block manager 91612c601ffd:37155 with 434.4 MiB RAM, BlockManagerId(driver, 91612c601ffd, 37155, None)
26/03/30 22:21:08 INFO BlockManagerMaster: Registered BlockManager BlockManagerId(driver, 91612c601ffd, 37155, None)
26/03/30 22:21:08 INFO BlockManager: Initialized BlockManager: BlockManagerId(driver, 91612c601ffd, 37155, None)
26/03/30 22:21:08 INFO StandaloneAppClient$ClientEndpoint: Executor updated: app-20260330222108-0010/0 is now RUNNING
26/03/30 22:21:08 INFO StandaloneSchedulerBackend: SchedulerBackend is ready for scheduling beginning after reached minRegisteredResourcesRatio: 0.0
26/03/30 22:21:10 WARN ResolveWriteToStream: spark.sql.adaptive.enabled is not supported in streaming DataFrames/Datasets and will be disabled.
26/03/30 22:21:11 WARN AdminClientConfig: These configurations '[key.deserializer, value.deserializer, enable.auto.commit, max.poll.records, auto.offset.reset]' were supplied but are not used yet.
[stream-etl] batch_id=0 total=556047 accepted=414276 dupes=141771 bf_bits=1048576
26/03/30 22:22:10 WARN TaskSetManager: Stage 1 contains a task of very large size (51912 KiB). The maximum recommended task size is 1000 KiB.
[mvp] running GraphX PageRank + Connected Components
 Container bdgp-cursor-spark-master-1  Running
 Container bdgp-cursor-zookeeper-1  Running
 Container bdgp-cursor-kafka-1  Running
Setting default log level to "WARN".
To adjust logging level use sc.setLogLevel(newLevel). For SparkR, use setLogLevel(newLevel).
26/03/30 22:22:28 WARN NativeCodeLoader: Unable to load native-hadoop library for your platform... using builtin-java classes where applicable
Spark context Web UI available at http://8e0f2273ea26:4040
Spark context available as 'sc' (master = spark://spark-master:7077, app id = app-20260330222229-0011).
Spark session available as 'spark'.
26/03/30 22:22:34 WARN SparkSession: Using an existing Spark session; only runtime SQL configurations will take effect.
[Stage 0:>                                                          (0 + 1) / 1]                                                                                [Stage 1:>                                                          (0 + 2) / 2][Stage 1:=============================>                             (1 + 1) / 2][Stage 3:>                                                          (0 + 2) / 2]                                                                                [Stage 9:===> (5 + 3) / 8][Stage 10:>   (0 + 1) / 1][Stage 11:>   (0 + 1) / 1][Stage 10:>                 (0 + 1) / 1][Stage 11:>                 (0 + 1) / 1]                                                                                [graphx] airports=329 edges=5645 topK=20 pagerankIters=10
[mvp] done. Check output: ./hdfs_like/curated_parquet
